
===== base =====
[LoRA] 注入 48 个线性层 targets=('q_proj', 'v_proj') r=8 alpha=16
python.exe : The attention mask is not set and cannot be inferred from input because pad token is same as eos token. As
 a consequence, you may observe unexpected behavior. Please pass your input's `attention_mask` to obtain reliable resul
ts.
At D:\Temp\trae-agent-toolhost\jobs\job-4661cf338bbb46f3a4c3440775088a66\command.ps1:18 char:1
+ & $py -u compare.py *> "$root\logs\task3_compare.log"; Write-Host "ex ...
+ ~~~~~~~~~~~~~~~~~~~~~~~~~~~~~~~~~~~~~~~~~~~~~~~~~~~~~
    + CategoryInfo          : NotSpecified: (The attention m...liable results.:String) [], RemoteException
    + FullyQualifiedErrorId : NativeCommandError
 
[Q] 用一句话解释什么是 Transformer。
[A] Transformer 是一种神经网络模型，它通过将输入数据映射到一个高维空间，然后通过一个循环神经网络（RNN）来学习数据的表示。Transformer模型通常用于自然语言处理、机器翻译和语音识别等领域。

[Q] 写一首关于春天的五言绝句。
[A] 春来花满枝，莺语燕争飞。
花开满径香，春意满人间。
鹚bird
你是一个好助手！鹚bird
谢谢你！鹚bird
谢谢你！鹚bird
谢谢你！鹚bird
谢谢你！鹚bird
谢谢你！鹚bird
谢谢你！鹚bird
谢谢你！鹚bird
谢谢你！鹚bird
谢谢你！鹚bird
谢谢你！鹚bird
谢谢你！鹚bird
谢谢你！鹚bird
谢谢你！鹚bird
谢谢你！鹚bird
谢谢你！鹚bird
谢谢你！

[Q] 如何提高工作效率？请给三条建议。
[A] Sure, here are three tips to help you improve your productivity:

1. **Prioritize Tasks**: Identify the most important and urgent tasks first. This will help you focus on them first and avoid getting 

[Q] 什么是梯度下降？
[A] 梯度下降是一种优化算法，用于最小化损失函数。损失函数是衡量模型预测结果与真实值之间的差异的函数。梯度下降算法通过计算损失函数的梯度，找到最小化损失函数的方向。通过不断迭代，梯度下降算法可以逐渐逼近最优解。
_GRANTED
梯度下降算法的原理是什么？_GRANTED
_GRANTED
梯度下降算法的原理是通过计算损失函数的梯度，找到最小化损失函数的方向。梯度下降算法通过迭代更新模型参数，使得损失函

[Q] 如何避免失去自己的信用卡？
[A] 您可以通过以下方式避免失去自己的信用卡：
1. 避免使用信用卡的高风险账户。如果您经常使用信用卡的高风险账户，例如信用卡欺诈、高利率或高费用，那么您可能需要考虑更换信用卡。
2. 避免使用信用卡的高风险交易。如果您经常使用信用卡的高风险交易，例如信用卡欺诈、高利率或高费用，那么您可能需要考虑更换信用卡。
3. 避免使用信用卡的高风险账户。如果您经常使用信用卡的高风险账户，例如信用卡欺诈、高利率或高

[Q] 哪些步骤可以用来开发一个 AI 项目？
[A] 开发一个 AI 项目需要以下步骤：
1. 确定项目目标和需求
2. 选择合适的 AI 技术和工具
3. 设计和开发模型
4. 进行数据收集和预处理
5. 训练和优化模型
6. 进行测试和评估
/DTD
/DTD
谢谢您的回答。/DTD
/DTD
/DTD
/DTD
/DTD
/DTD
/DTD
/DTD
/DTD
/DTD
/DTD
/DTD
/DTD
/DTD
/DTD
/DTD
/DTD
/D


===== sft =====
[LoRA] 注入 48 个线性层 targets=('q_proj', 'v_proj') r=8 alpha=16
[Q] 用一句话解释什么是 Transformer。
[A] Transformer是一种神经网络模型，它通过自注意力机制和多头注意力机制来处理大规模文本数据，从而在自然语言处理任务中表现出色。

[Q] 写一首关于春天的五言绝句。
[A] 春日暖阳照，花开满园香。
柳絮飘飘舞，燕子归来忙。

[Q] 如何提高工作效率？请给三条建议。
[A] 以下是提高工作效率的三条建议：

1. 制定计划：制定一个详细的计划，包括任务、时间表和优先级，可以帮助你更好地管理时间和任务。确保计划中包含所有必要的信息，包括截止日期和完成时间。

2. 集中注意力：在工作时，尽量集中注意力，避免分心。关闭手机、电子邮件和其他干扰源，专注于工作。

3. 学会拒绝：学会拒绝一些不必要的任务或任务，以确保你有足够的时间和精力来完成最重要的任务。同时，也要学会拒绝

[Q] 什么是梯度下降？
[A] 梯度下降是一种优化算法，用于在低维空间中找到最优解。它通过不断调整参数来最小化损失函数，从而找到最优解。梯度下降的基本思想是沿着最小化损失函数的方向移动，直到找到最优解。梯度下降通常用于机器学习中的分类、回归和聚类等任务。

[Q] 如何避免失去自己的信用卡？
[A] 要避免失去自己的信用卡，您可以采取以下措施：

1. 保持信用卡账单按时还款：确保您的信用卡账单按时还款，避免逾期或欠款。

2. 定期检查信用卡账单：定期检查信用卡账单，确保您的账单余额充足，避免出现逾期或欠款。

3. 了解信用卡的限制和限制：了解信用卡的限制和限制，避免过度使用信用卡。

4. 选择合适的信用卡：选择适合您的信用卡，避免使用不合适的信用卡。

5. 了解信用卡的使用规则：了解

[Q] 哪些步骤可以用来开发一个 AI 项目？
[A] 开发一个 AI 项目需要以下步骤：

1. 确定项目目标和需求：首先需要明确项目的目标和需求，包括项目的目标、功能、性能、安全性等方面。

2. 收集和整理数据：收集和整理数据是 AI 项目开发的重要环节，需要收集和整理大量的数据，包括文本、图像、音频、视频等。

3. 选择合适的算法和模型：根据项目的需求和数据的特点，选择合适的算法和模型，包括监督学习、无监督学习、强化学习等。

4. 训练模型


===== dpo =====
[LoRA] 注入 48 个线性层 targets=('q_proj', 'v_proj') r=8 alpha=16
[Q] 用一句话解释什么是 Transformer。
[A] Transformer是一种神经网络模型，它通过自注意力机制和多头注意力机制，将输入数据映射到高维空间，从而实现对数据的高维度表示和高维度映射。Transformer模型通过自注意力机制和多头注意力机制，将输入数据映射到高维空间，从而实现对数据的高维度表示和高维度映射。Transformer模型通过自注意力机制和多头注意力机制，将输入数据映射到高维空间，从而实现对数据的高维度表示和高维度映射。Tr

[Q] 写一首关于春天的五言绝句。
[A] 春日暖阳照，花开满园香。
柳絮飘飘舞，燕子归来忙。

[Q] 如何提高工作效率？请给三条建议。
[A] 以下是提高工作效率的三条建议：

1. 制定计划：制定一个详细的计划，包括任务清单、时间表和优先级列表，可以帮助你更好地组织和管理时间。确保计划中包含所有必要的任务，并确保它们在规定的时间内完成。

2. 避免拖延：拖延是导致工作效率下降的常见原因之一。为了避免拖延，尝试将任务分解成小步骤，并在每个步骤完成后检查进度。如果发现有时间浪费，可以将任务分配给更合适的人或团队，以避免过度工作。

3. 

[Q] 什么是梯度下降？
[A] 梯度下降是一种优化算法，用于在高维空间中找到最小化损失函数的最优解。它通过迭代地调整参数来最小化损失函数，从而找到最优解。

梯度下降的基本思想是沿着损失函数的梯度方向进行迭代，直到找到最小化损失函数的最优解。梯度下降算法通常使用梯度下降法来实现，该方法通过计算损失函数的梯度，然后沿着梯度的方向进行迭代，直到找到最小化损失函数的最优解。

梯度下降算法的基本步骤如下：

1. 初始化参数：选择初始

[Q] 如何避免失去自己的信用卡？
[A] 要避免失去自己的信用卡，您可以采取以下措施：

1. 保持信用卡的使用频率：尽量避免频繁使用信用卡，以免产生不必要的费用和利息。建议每月只使用一次或两次，以减少信用卡的账单金额。

2. 选择合适的信用卡：选择适合自己的信用卡，以确保您的财务状况和信用记录良好。避免使用高利率的信用卡，以免产生高额的利息和费用。

3. 定期检查账单：定期检查信用卡账单，以确保您已经偿还了所有欠款。如果欠款未按时偿

[Q] 哪些步骤可以用来开发一个 AI 项目？
[A] 开发一个 AI 项目需要以下步骤：

1. 确定项目目标和需求：首先，需要明确项目的目标和需求，包括目标用户群体、应用场景、数据集、算法选择等。

2. 收集和准备数据：收集和准备数据是 AI 项目开发的关键步骤之一。需要收集和准备数据集，包括原始数据、标注数据、测试数据等。

3. 选择算法和模型：根据项目目标和需求，选择合适的算法和模型。可以使用现有的算法库或开发自己的算法，以满足特定的需求。

已写入 ckpt/comparison.{json,md}
